
> react-kavia@0.1.0 start
> cross-env EDIT_MODE=true webpack serve --config .ve/webpack.config.js --mode development

<i> [webpack-dev-server] Project is running at:
<i> [webpack-dev-server] Loopback: http://localhost:3000/, http://[::1]:3000/
<i> [webpack-dev-server] On Your Network (IPv4): http://172.17.0.2:3000/
<i> [webpack-dev-server] Content not from webpack is served from './public' directory
Injecting EditorRootWrapper import: ../.ve/EditorRootWrapper
asset bundle.js 1.44 MiB [emitted] (name: main)
asset index.html 1.98 KiB [emitted]
runtime modules 27.5 KiB 14 modules
modules by path ./node_modules/ 1.24 MiB 31 modules
modules by path ./src/ 55 KiB
  modules by path ./src/*.js 33.9 KiB 4 modules
  modules by path ./src/*.css 21.1 KiB
    ./src/index.css 2.23 KiB [built] [code generated]
    + 3 modules
modules by path ./.ve/ 15.1 KiB
  modules by path ./.ve/*.js 10.6 KiB 2 modules
  modules by path ./.ve/*.css 2.93 KiB
    ./.ve/EditorOverlay.css 2.25 KiB [built] [code generated]
    ./node_modules/css-loader/dist/cjs.js!./.ve/EditorOverlay.css 697 bytes [built] [code generated]
  ./.ve/EditorOverlay.jsx 1.58 KiB [built] [code generated]
webpack 5.99.9 compiled successfully in 1414 ms
assets by status 1.98 KiB [cached] 1 asset
assets by path *.js 1.52 MiB
  asset bundle.js 1.46 MiB [emitted] (name: main)
  asset main.a2bdcb13bea661dbb5da.hot-update.js 57.1 KiB [emitted] [immutable] [hmr] (name: main)
asset main.a2bdcb13bea661dbb5da.hot-update.json 28 bytes [emitted] [immutable] [hmr]
Entrypoint main 1.52 MiB = bundle.js 1.46 MiB main.a2bdcb13bea661dbb5da.hot-update.js 57.1 KiB
cached modules 1.28 MiB [cached] 43 modules
runtime modules 27.5 KiB 14 modules
javascript modules 43.1 KiB
  ./src/MirrorVerseApp.js 29.1 KiB [built] [code generated]
  ./src/HomePage.js 14.1 KiB [built] [code generated]
webpack 5.99.9 compiled successfully in 309 ms
assets by status 1.98 KiB [cached] 1 asset
assets by path *.js 1.49 MiB
  asset bundle.js 1.46 MiB [emitted] (name: main)
  asset main.805cae29b55be32f7333.hot-update.js 34.3 KiB [emitted] [immutable] [hmr] (name: main)
asset main.805cae29b55be32f7333.hot-update.json 28 bytes [emitted] [immutable] [hmr]
Entrypoint main 1.49 MiB = bundle.js 1.46 MiB main.805cae29b55be32f7333.hot-update.js 34.3 KiB
cached modules 1.29 MiB [cached] 44 modules
runtime modules 27.5 KiB 14 modules
./src/MirrorVerseApp.js 25.4 KiB [built] [code generated]
webpack 5.99.9 compiled successfully in 114 ms
